[INFO] Scanning for projects...
[INFO] 
[INFO] --------< eu.noeos.verifactu.internal:verifactu-xades-provider >--------
[INFO] Building Private VeriFactu XAdES provider bridge 0.0.0-development
[INFO]   from pom.xml
[INFO] --------------------------------[ jar ]---------------------------------
[INFO] 
[INFO] --- dependency:3.11.0:resolve-plugins (default-cli) @ verifactu-xades-provider ---
[INFO] 
[INFO] The following plugins have been resolved:
[INFO]    org.apache.maven.plugins:maven-release-plugin:jar:3.0.1
[INFO]       org.apache.maven.plugins:maven-release-plugin:jar:3.0.1
[INFO]       org.apache.maven.release:maven-release-api:jar:3.0.1
[INFO]       org.eclipse.aether:aether-api:jar:1.0.0.v20140518
[INFO]       org.eclipse.aether:aether-util:jar:1.0.0.v20140518
[INFO]       org.slf4j:slf4j-api:jar:1.7.36
[INFO]       org.apache.maven.release:maven-release-manager:jar:3.0.1
[INFO]       org.codehaus.plexus:plexus-interactivity-api:jar:1.1
[INFO]       org.codehaus.plexus:plexus-interpolation:jar:1.26
[INFO]       org.codehaus.plexus:plexus-sec-dispatcher:jar:2.0
[INFO]       javax.inject:javax.inject:jar:1
[INFO]       org.codehaus.plexus:plexus-cipher:jar:2.0
[INFO]       org.apache.maven.shared:maven-invoker:jar:3.2.0
[INFO]       org.apache.commons:commons-lang3:jar:3.12.0
[INFO]       org.apache.maven.scm:maven-scm-providers-standard:pom:2.0.0
[INFO]       org.apache.maven.scm:maven-scm-provider-gitexe:jar:2.0.0
[INFO]       org.apache.maven.scm:maven-scm-provider-git-commons:jar:2.0.0
[INFO]       org.apache.maven.scm:maven-scm-provider-jgit:jar:2.0.0
[INFO]       org.eclipse.jgit:org.eclipse.jgit:jar:5.13.1.202206130422-r
[INFO]       com.googlecode.javaewah:JavaEWAH:jar:1.1.13
[INFO]       org.eclipse.jgit:org.eclipse.jgit.ssh.apache:jar:5.13.1.202206130422-r
[INFO]       org.apache.sshd:sshd-osgi:jar:2.7.0
[INFO]       org.apache.sshd:sshd-sftp:jar:2.7.0
[INFO]       org.apache.sshd:sshd-core:jar:2.7.0
[INFO]       org.apache.sshd:sshd-common:jar:2.7.0
[INFO]       net.i2p.crypto:eddsa:jar:0.3.0
[INFO]       org.slf4j:jcl-over-slf4j:jar:1.7.36
[INFO]       org.apache.maven.scm:maven-scm-provider-hg:jar:2.0.0
[INFO]       org.apache.maven.scm:maven-scm-provider-svnexe:jar:2.0.0
[INFO]       org.apache.maven.scm:maven-scm-manager-plexus:jar:2.0.0
[INFO]       org.apache.maven.scm:maven-scm-provider-svn-commons:jar:2.0.0
[INFO]       org.apache.maven.shared:maven-shared-utils:jar:3.4.2
[INFO]       commons-io:commons-io:jar:2.11.0
[INFO]       org.jdom:jdom2:jar:2.0.6.1
[INFO]       org.apache.maven.plugin-tools:maven-plugin-annotations:jar:3.7.0
[INFO]       org.apache.maven.scm:maven-scm-api:jar:2.0.0
[INFO]       org.codehaus.plexus:plexus-utils:jar:3.5.1
[INFO]       org.apache.maven.release:maven-release-oddeven-policy:jar:3.0.1
[INFO]       org.apache.maven.release:maven-release-semver-policy:jar:3.0.1
[INFO]       org.semver:api:jar:0.9.33
[INFO]       com.google.code.findbugs:jsr305:jar:2.0.0
[INFO]       org.ow2.asm:asm:jar:5.0.3
[INFO]       org.ow2.asm:asm-commons:jar:5.0.3
[INFO]       org.ow2.asm:asm-tree:jar:5.0.3
[INFO]       commons-lang:commons-lang:jar:1.0
[INFO]       junit:junit:jar:4.13.2
[INFO]       org.hamcrest:hamcrest-core:jar:1.3
[INFO]       de.tototec:de.tototec.cmdoption:jar:0.2.0
[INFO]    org.apache.maven.plugins:maven-site-plugin:jar:3.12.1
[INFO]       org.apache.maven.plugins:maven-site-plugin:jar:3.12.1
[INFO]       org.apache.maven.reporting:maven-reporting-api:jar:3.1.1
[INFO]       org.apache.maven.reporting:maven-reporting-exec:jar:1.6.0
[INFO]       org.apache.maven:maven-artifact:jar:3.2.5
[INFO]       org.apache.maven:maven-core:jar:3.2.5
[INFO]       org.apache.maven:maven-repository-metadata:jar:3.2.5
[INFO]       org.apache.maven:maven-model-builder:jar:3.2.5
[INFO]       org.apache.maven:maven-aether-provider:jar:3.2.5
[INFO]       org.eclipse.aether:aether-spi:jar:1.0.0.v20140518
[INFO]       org.eclipse.aether:aether-impl:jar:1.0.0.v20140518
[INFO]       org.eclipse.aether:aether-api:jar:1.0.0.v20140518
[INFO]       org.eclipse.sisu:org.eclipse.sisu.plexus:jar:0.3.5
[INFO]       javax.annotation:javax.annotation-api:jar:1.2
[INFO]       javax.enterprise:cdi-api:jar:1.2
[INFO]       org.eclipse.sisu:org.eclipse.sisu.inject:jar:0.3.5
[INFO]       org.sonatype.sisu:sisu-guice:jar:no_aop:3.2.3
[INFO]       javax.inject:javax.inject:jar:1
[INFO]       aopalliance:aopalliance:jar:1.0
[INFO]       com.google.guava:guava:jar:16.0.1
[INFO]       org.codehaus.plexus:plexus-classworlds:jar:2.5.2
[INFO]       org.sonatype.plexus:plexus-sec-dispatcher:jar:1.3
[INFO]       org.sonatype.plexus:plexus-cipher:jar:1.4
[INFO]       org.apache.maven:maven-model:jar:3.2.5
[INFO]       org.apache.maven:maven-plugin-api:jar:3.2.5
[INFO]       org.apache.maven:maven-settings:jar:3.2.5
[INFO]       org.apache.maven:maven-settings-builder:jar:3.2.5
[INFO]       org.eclipse.aether:aether-util:jar:1.0.0.v20140518
[INFO]       org.apache.maven.shared:maven-shared-utils:jar:3.3.4
[INFO]       commons-io:commons-io:jar:2.6
[INFO]       org.apache.maven:maven-archiver:jar:3.5.2
[INFO]       org.apache.commons:commons-compress:jar:1.20
[INFO]       org.codehaus.plexus:plexus-interpolation:jar:1.26
[INFO]       org.codehaus.plexus:plexus-archiver:jar:4.2.7
[INFO]       org.codehaus.plexus:plexus-io:jar:3.2.0
[INFO]       org.iq80.snappy:snappy:jar:0.4
[INFO]       org.tukaani:xz:jar:1.9
[INFO]       org.codehaus.plexus:plexus-i18n:jar:1.0-beta-10
[INFO]       org.codehaus.plexus:plexus-utils:jar:3.4.2
[INFO]       org.apache.maven.doxia:doxia-sink-api:jar:1.11.1
[INFO]       org.apache.maven.doxia:doxia-logging-api:jar:1.11.1
[INFO]       org.apache.maven.doxia:doxia-core:jar:1.11.1
[INFO]       org.codehaus.plexus:plexus-container-default:jar:2.1.0
[INFO]       org.apache.xbean:xbean-reflect:jar:3.7
[INFO]       com.google.collections:google-collections:jar:1.0
[INFO]       org.codehaus.plexus:plexus-component-annotations:jar:2.1.1
[INFO]       org.apache.commons:commons-lang3:jar:3.8.1
[INFO]       org.apache.commons:commons-text:jar:1.3
[INFO]       org.apache.httpcomponents:httpclient:jar:4.5.13
[INFO]       commons-logging:commons-logging:jar:1.2
[INFO]       commons-codec:commons-codec:jar:1.11
[INFO]       org.apache.httpcomponents:httpcore:jar:4.4.14
[INFO]       org.apache.maven.doxia:doxia-module-xhtml:jar:1.11.1
[INFO]       org.apache.maven.doxia:doxia-module-xhtml5:jar:1.11.1
[INFO]       org.apache.maven.doxia:doxia-module-apt:jar:1.11.1
[INFO]       org.apache.maven.doxia:doxia-module-xdoc:jar:1.11.1
[INFO]       org.apache.maven.doxia:doxia-module-fml:jar:1.11.1
[INFO]       org.apache.maven.doxia:doxia-module-markdown:jar:1.11.1
[INFO]       com.vladsch.flexmark:flexmark-all:jar:0.42.14
[INFO]       com.vladsch.flexmark:flexmark:jar:0.42.14
[INFO]       com.vladsch.flexmark:flexmark-ext-abbreviation:jar:0.42.14
[INFO]       com.vladsch.flexmark:flexmark-ext-admonition:jar:0.42.14
[INFO]       com.vladsch.flexmark:flexmark-ext-anchorlink:jar:0.42.14
[INFO]       com.vladsch.flexmark:flexmark-ext-aside:jar:0.42.14
[INFO]       com.vladsch.flexmark:flexmark-ext-attributes:jar:0.42.14
[INFO]       com.vladsch.flexmark:flexmark-ext-autolink:jar:0.42.14
[INFO]       org.nibor.autolink:autolink:jar:0.6.0
[INFO]       com.vladsch.flexmark:flexmark-ext-definition:jar:0.42.14
[INFO]       com.vladsch.flexmark:flexmark-ext-emoji:jar:0.42.14
[INFO]       com.vladsch.flexmark:flexmark-ext-enumerated-reference:jar:0.42.14
[INFO]       com.vladsch.flexmark:flexmark-ext-escaped-character:jar:0.42.14
[INFO]       com.vladsch.flexmark:flexmark-ext-footnotes:jar:0.42.14
[INFO]       com.vladsch.flexmark:flexmark-ext-gfm-issues:jar:0.42.14
[INFO]       com.vladsch.flexmark:flexmark-ext-gfm-strikethrough:jar:0.42.14
[INFO]       com.vladsch.flexmark:flexmark-ext-gfm-tables:jar:0.42.14
[INFO]       com.vladsch.flexmark:flexmark-ext-gfm-tasklist:jar:0.42.14
[INFO]       com.vladsch.flexmark:flexmark-ext-gfm-users:jar:0.42.14
[INFO]       com.vladsch.flexmark:flexmark-ext-gitlab:jar:0.42.14
[INFO]       com.vladsch.flexmark:flexmark-ext-jekyll-front-matter:jar:0.42.14
[INFO]       com.vladsch.flexmark:flexmark-ext-jekyll-tag:jar:0.42.14
[INFO]       com.vladsch.flexmark:flexmark-ext-media-tags:jar:0.42.14
[INFO]       com.vladsch.flexmark:flexmark-ext-macros:jar:0.42.14
[INFO]       com.vladsch.flexmark:flexmark-ext-ins:jar:0.42.14
[INFO]       com.vladsch.flexmark:flexmark-ext-xwiki-macros:jar:0.42.14
[INFO]       com.vladsch.flexmark:flexmark-ext-superscript:jar:0.42.14
[INFO]       com.vladsch.flexmark:flexmark-ext-tables:jar:0.42.14
[INFO]       com.vladsch.flexmark:flexmark-ext-toc:jar:0.42.14
[INFO]       com.vladsch.flexmark:flexmark-ext-typographic:jar:0.42.14
[INFO]       com.vladsch.flexmark:flexmark-ext-wikilink:jar:0.42.14
[INFO]       com.vladsch.flexmark:flexmark-ext-yaml-front-matter:jar:0.42.14
[INFO]       com.vladsch.flexmark:flexmark-ext-youtube-embedded:jar:0.42.14
[INFO]       com.vladsch.flexmark:flexmark-formatter:jar:0.42.14
[INFO]       com.vladsch.flexmark:flexmark-html-parser:jar:0.42.14
[INFO]       org.jsoup:jsoup:jar:1.10.2
[INFO]       com.vladsch.flexmark:flexmark-jira-converter:jar:0.42.14
[INFO]       com.vladsch.flexmark:flexmark-profile-pegdown:jar:0.42.14
[INFO]       com.vladsch.flexmark:flexmark-util:jar:0.42.14
[INFO]       com.vladsch.flexmark:flexmark-youtrack-converter:jar:0.42.14
[INFO]       org.apache.maven.doxia:doxia-module-confluence:jar:1.11.1
[INFO]       org.apache.maven.doxia:doxia-module-docbook-simple:jar:1.11.1
[INFO]       org.apache.maven.doxia:doxia-module-twiki:jar:1.11.1
[INFO]       org.apache.maven.doxia:doxia-decoration-model:jar:1.11.1
[INFO]       org.apache.maven.doxia:doxia-site-renderer:jar:1.11.1
[INFO]       org.apache.maven.doxia:doxia-skin-model:jar:1.11.1
[INFO]       org.codehaus.plexus:plexus-velocity:jar:1.2
[INFO]       org.apache.velocity:velocity:jar:1.7
[INFO]       commons-lang:commons-lang:jar:2.4
[INFO]       org.apache.velocity:velocity-tools:jar:2.0
[INFO]       commons-beanutils:commons-beanutils:jar:1.7.0
[INFO]       commons-digester:commons-digester:jar:1.8
[INFO]       commons-chain:commons-chain:jar:1.1
[INFO]       dom4j:dom4j:jar:1.1
[INFO]       oro:oro:jar:2.0.8
[INFO]       commons-collections:commons-collections:jar:3.2.2
[INFO]       org.apache.maven.doxia:doxia-integration-tools:jar:1.11.1
[INFO]       org.eclipse.jetty:jetty-server:jar:9.4.46.v20220331
[INFO]       javax.servlet:javax.servlet-api:jar:3.1.0
[INFO]       org.eclipse.jetty:jetty-http:jar:9.4.46.v20220331
[INFO]       org.eclipse.jetty:jetty-io:jar:9.4.46.v20220331
[INFO]       org.eclipse.jetty:jetty-servlet:jar:9.4.46.v20220331
[INFO]       org.eclipse.jetty:jetty-security:jar:9.4.46.v20220331
[INFO]       org.eclipse.jetty:jetty-util-ajax:jar:9.4.46.v20220331
[INFO]       org.eclipse.jetty:jetty-webapp:jar:9.4.46.v20220331
[INFO]       org.eclipse.jetty:jetty-xml:jar:9.4.46.v20220331
[INFO]       org.eclipse.jetty:jetty-util:jar:9.4.46.v20220331
[INFO]    org.apache.maven.plugins:maven-resources-plugin:jar:3.5.0
[INFO]       org.apache.maven.plugins:maven-resources-plugin:jar:3.5.0
[INFO]       org.codehaus.plexus:plexus-utils:jar:3.6.1
[INFO]       org.apache.maven.shared:maven-filtering:jar:3.5.0
[INFO]       org.slf4j:slf4j-api:jar:1.7.36
[INFO]       org.codehaus.plexus:plexus-build-api:jar:1.2.0
[INFO]       javax.inject:javax.inject:jar:1
[INFO]       org.sonatype.plexus:plexus-build-api:jar:0.0.7
[INFO]       org.eclipse.sisu:org.eclipse.sisu.plexus:jar:0.9.0.M4
[INFO]       org.codehaus.plexus:plexus-interpolation:jar:1.29
[INFO]    org.apache.maven.plugins:maven-assembly-plugin:jar:3.7.1
[INFO]       org.apache.maven.plugins:maven-assembly-plugin:jar:3.7.1
[INFO]       org.apache.maven.resolver:maven-resolver-util:jar:1.4.1
[INFO]       org.apache.maven.resolver:maven-resolver-api:jar:1.4.1
[INFO]       org.apache.maven.shared:maven-common-artifact-filters:jar:3.3.2
[INFO]       org.slf4j:slf4j-api:jar:1.7.36
[INFO]       org.codehaus.plexus:plexus-interpolation:jar:1.27
[INFO]       commons-io:commons-io:jar:2.15.1
[INFO]       org.apache.maven.shared:maven-filtering:jar:3.3.2
[INFO]       javax.inject:javax.inject:jar:1
[INFO]       org.sonatype.plexus:plexus-build-api:jar:0.0.7
[INFO]       org.apache.commons:commons-lang3:jar:3.14.0
[INFO]       org.codehaus.plexus:plexus-io:jar:3.4.2
[INFO]       org.codehaus.plexus:plexus-archiver:jar:4.9.2
[INFO]       org.apache.commons:commons-compress:jar:1.26.1
[INFO]       commons-codec:commons-codec:jar:1.16.1
[INFO]       org.iq80.snappy:snappy:jar:0.4
[INFO]       org.tukaani:xz:jar:1.9
[INFO]       com.github.luben:zstd-jni:jar:1.5.5-11
[INFO]       org.apache.maven:maven-archiver:jar:3.6.1
[INFO]       org.codehaus.plexus:plexus-utils:jar:4.0.0
[INFO]       org.codehaus.plexus:plexus-xml:jar:3.0.0
[INFO]    org.apache.maven.plugins:maven-antrun-plugin:jar:3.1.0
[INFO]       org.apache.maven.plugins:maven-antrun-plugin:jar:3.1.0
[INFO]       org.codehaus.plexus:plexus-utils:jar:3.4.1
[INFO]       org.apache.ant:ant:jar:1.10.12
[INFO]       org.apache.ant:ant-launcher:jar:1.10.12
[INFO]    org.apache.maven.plugins:maven-compiler-plugin:jar:3.16.0
[INFO]       org.apache.maven.plugins:maven-compiler-plugin:jar:3.16.0
[INFO]       org.ow2.asm:asm:jar:9.10.1
[INFO]       org.apache.maven.shared:maven-shared-utils:jar:3.4.2
[INFO]       org.slf4j:slf4j-api:jar:1.7.36
[INFO]       commons-io:commons-io:jar:2.22.0
[INFO]       org.apache.maven.shared:maven-shared-incremental:jar:1.1
[INFO]       org.codehaus.plexus:plexus-java:jar:1.6.0
[INFO]       com.github.javaparser:javaparser-core:jar:3.28.2
[INFO]       org.codehaus.plexus:plexus-compiler-api:jar:2.17.0
[INFO]       org.codehaus.plexus:plexus-compiler-manager:jar:2.17.0
[INFO]       javax.inject:javax.inject:jar:1
[INFO]       org.codehaus.plexus:plexus-xml:jar:3.0.1
[INFO]       org.codehaus.plexus:plexus-compiler-javac:jar:2.17.0
[INFO]       org.codehaus.plexus:plexus-utils:jar:4.0.3
[INFO]    org.apache.maven.plugins:maven-surefire-plugin:jar:3.6.0
[INFO]       org.apache.maven.plugins:maven-surefire-plugin:jar:3.6.0
[INFO]       org.apache.maven.surefire:surefire-api:jar:3.6.0
[INFO]       org.apache.maven.surefire:surefire-logger-api:jar:3.6.0
[INFO]       org.apache.maven.surefire:surefire-shared-utils:jar:3.6.0
[INFO]       org.apache.maven.surefire:surefire-extensions-api:jar:3.6.0
[INFO]       org.apache.maven.surefire:maven-surefire-common:jar:3.6.0
[INFO]       org.apache.maven.surefire:surefire-booter:jar:3.6.0
[INFO]       org.apache.maven.surefire:surefire-extensions-spi:jar:3.6.0
[INFO]       org.apache.maven.resolver:maven-resolver-util:jar:1.9.27
[INFO]       org.apache.maven.resolver:maven-resolver-api:jar:1.9.27
[INFO]       org.apache.maven.shared:maven-common-artifact-filters:jar:3.4.0
[INFO]       org.slf4j:slf4j-api:jar:1.7.36
[INFO]       org.codehaus.plexus:plexus-java:jar:1.6.0
[INFO]       org.ow2.asm:asm:jar:9.10.1
[INFO]       com.github.javaparser:javaparser-core:jar:3.28.2
[INFO]    org.apache.maven.plugins:maven-jar-plugin:jar:3.5.1
[INFO]       org.apache.maven.plugins:maven-jar-plugin:jar:3.5.1
[INFO]       org.apache.maven.shared:file-management:jar:3.2.0
[INFO]       org.codehaus.plexus:plexus-utils:jar:4.0.3
[INFO]       org.apache.maven:maven-archiver:jar:3.6.6
[INFO]       org.codehaus.plexus:plexus-interpolation:jar:1.29
[INFO]       org.codehaus.plexus:plexus-xml:jar:3.0.1
[INFO]       org.codehaus.plexus:plexus-archiver:jar:4.12.0
[INFO]       org.codehaus.plexus:plexus-io:jar:3.6.0
[INFO]       org.apache.commons:commons-compress:jar:1.28.0
[INFO]       commons-codec:commons-codec:jar:1.19.0
[INFO]       org.apache.commons:commons-lang3:jar:3.18.0
[INFO]       org.tukaani:xz:jar:1.12
[INFO]       com.github.luben:zstd-jni:jar:1.5.7-9
[INFO]       javax.inject:javax.inject:jar:1
[INFO]       org.slf4j:slf4j-api:jar:1.7.36
[INFO]       commons-io:commons-io:jar:2.22.0
[INFO]    org.apache.maven.plugins:maven-clean-plugin:jar:3.5.0
[INFO]       org.apache.maven.plugins:maven-clean-plugin:jar:3.5.0
[INFO]       org.codehaus.plexus:plexus-utils:jar:4.0.3
[INFO]    org.apache.maven.plugins:maven-shade-plugin:jar:3.6.2
[INFO]       org.apache.maven.plugins:maven-shade-plugin:jar:3.6.2
[INFO]       org.codehaus.plexus:plexus-utils:jar:3.6.1
[INFO]       org.ow2.asm:asm:jar:9.9.1
[INFO]       org.ow2.asm:asm-commons:jar:9.9.1
[INFO]       org.ow2.asm:asm-tree:jar:9.9.1
[INFO]       org.jdom:jdom2:jar:2.0.6.1
[INFO]       org.vafer:jdependency:jar:2.15
[INFO]    org.apache.maven.plugins:maven-dependency-plugin:jar:3.11.0
[INFO]       org.apache.maven.plugins:maven-dependency-plugin:jar:3.11.0
[INFO]       commons-beanutils:commons-beanutils:jar:1.11.0
[INFO]       commons-logging:commons-logging:jar:1.3.5
[INFO]       commons-collections:commons-collections:jar:3.2.2
[INFO]       eu.maveniverse.maven.domtrip:domtrip-maven:jar:1.5.1
[INFO]       eu.maveniverse.maven.domtrip:domtrip-core:jar:1.5.1
[INFO]       org.apache.maven.doxia:doxia-sink-api:jar:2.1.0
[INFO]       org.apache.maven.reporting:maven-reporting-api:jar:4.0.0
[INFO]       org.apache.maven.reporting:maven-reporting-impl:jar:4.0.0
[INFO]       org.apache.maven.doxia:doxia-site-model:jar:2.0.0
[INFO]       org.apache.maven.doxia:doxia-core:jar:2.0.0
[INFO]       org.apache.commons:commons-text:jar:1.12.0
[INFO]       org.apache.maven.doxia:doxia-integration-tools:jar:2.0.0
[INFO]       org.codehaus.plexus:plexus-interpolation:jar:1.27
[INFO]       org.apache.maven.doxia:doxia-site-renderer:jar:2.0.0
[INFO]       org.apache.maven.doxia:doxia-skin-model:jar:2.0.0
[INFO]       org.apache.maven.doxia:doxia-module-xhtml5:jar:2.0.0
[INFO]       org.codehaus.plexus:plexus-velocity:jar:2.2.0
[INFO]       org.apache.maven.doxia:doxia-module-apt:jar:2.0.0
[INFO]       org.apache.maven.doxia:doxia-module-xdoc:jar:2.0.0
[INFO]       org.apache.maven:maven-archiver:jar:3.6.2
[INFO]       org.apache.maven.resolver:maven-resolver-api:jar:1.4.1
[INFO]       org.eclipse.sisu:org.eclipse.sisu.plexus:jar:1.0.0
[INFO]       org.eclipse.sisu:org.eclipse.sisu.inject:jar:1.0.0
[INFO]       org.codehaus.plexus:plexus-classworlds:jar:2.9.0
[INFO]       org.codehaus.plexus:plexus-archiver:jar:4.11.0
[INFO]       javax.inject:javax.inject:jar:1
[INFO]       org.apache.commons:commons-compress:jar:1.28.0
[INFO]       commons-codec:commons-codec:jar:1.19.0
[INFO]       commons-io:commons-io:jar:2.21.0
[INFO]       org.tukaani:xz:jar:1.11
[INFO]       com.github.luben:zstd-jni:jar:1.5.7-6
[INFO]       org.apache.commons:commons-lang3:jar:3.20.0
[INFO]       org.codehaus.plexus:plexus-utils:jar:4.0.3
[INFO]       org.codehaus.plexus:plexus-xml:jar:3.0.1
[INFO]       org.codehaus.plexus:plexus-io:jar:3.6.0
[INFO]       org.codehaus.plexus:plexus-i18n:jar:1.1.0
[INFO]       org.apache.maven.shared:maven-dependency-analyzer:jar:1.17.1
[INFO]       org.ow2.asm:asm:jar:9.10
[INFO]       org.apache.maven.shared:maven-dependency-tree:jar:3.3.0
[INFO]       org.apache.maven.shared:maven-common-artifact-filters:jar:3.4.0
[INFO]       org.apache.maven.shared:maven-artifact-transfer:jar:0.13.1
[INFO]       org.codehaus.plexus:plexus-component-annotations:jar:2.0.0
[INFO]       org.apache.maven.shared:maven-shared-utils:jar:3.4.2
[INFO]       org.apache.maven.resolver:maven-resolver-util:jar:1.9.25
[INFO]       org.sonatype.plexus:plexus-build-api:jar:0.0.7
[INFO]       org.slf4j:slf4j-api:jar:1.7.36
[INFO]       org.apache.velocity:velocity-engine-core:jar:2.4.1
[INFO]       org.apache.velocity.tools:velocity-tools-generic:jar:3.1
[INFO]       org.apache.commons:commons-digester3:jar:3.2
[INFO]       com.github.cliftonlabs:json-simple:jar:3.0.2
[INFO]    org.apache.maven.plugins:maven-install-plugin:jar:3.1.2
[INFO]       org.apache.maven.plugins:maven-install-plugin:jar:3.1.2
[INFO]       org.apache.maven.resolver:maven-resolver-util:jar:1.9.18
[INFO]       org.apache.maven.resolver:maven-resolver-api:jar:1.9.18
[INFO]       org.codehaus.plexus:plexus-utils:jar:4.0.1
[INFO]       org.codehaus.plexus:plexus-xml:jar:3.0.0
[INFO]    org.apache.maven.plugins:maven-deploy-plugin:jar:3.1.2
[INFO]       org.apache.maven.plugins:maven-deploy-plugin:jar:3.1.2
[INFO]       org.codehaus.plexus:plexus-utils:jar:4.0.1
[INFO]       org.codehaus.plexus:plexus-xml:jar:3.0.0
[INFO]       org.apache.maven.resolver:maven-resolver-util:jar:1.9.18
[INFO]       org.apache.maven.resolver:maven-resolver-api:jar:1.9.18
[INFO]    org.jacoco:jacoco-maven-plugin:jar:0.8.15
[INFO]       org.jacoco:jacoco-maven-plugin:jar:0.8.15
[INFO]       org.codehaus.plexus:plexus-utils:jar:3.6.1
[INFO]       org.apache.maven.shared:file-management:jar:3.2.0
[INFO]       org.slf4j:slf4j-api:jar:1.7.36
[INFO]       commons-io:commons-io:jar:2.19.0
[INFO]       org.apache.maven.reporting:maven-reporting-api:jar:3.0
[INFO]       org.apache.maven.doxia:doxia-sink-api:jar:1.0
[INFO]       org.jacoco:org.jacoco.agent:jar:runtime:0.8.15
[INFO]       org.jacoco:org.jacoco.core:jar:0.8.15
[INFO]       org.ow2.asm:asm:jar:9.10.1
[INFO]       org.ow2.asm:asm-commons:jar:9.10.1
[INFO]       org.ow2.asm:asm-tree:jar:9.10.1
[INFO]       org.jacoco:org.jacoco.report:jar:0.8.15
[INFO] 
[INFO] ------------------------------------------------------------------------
[INFO] BUILD SUCCESS
[INFO] ------------------------------------------------------------------------
[INFO] Total time:  1.508 s
[INFO] Finished at: 2026-09-26T00:47:27+02:00
[INFO] ------------------------------------------------------------------------
