[INFO] Scanning for projects...
[INFO] 
[INFO] --------< eu.noeos.verifactu.internal:verifactu-xades-provider >--------
[INFO] Building Private VeriFactu XAdES provider bridge 0.0.0-development
[INFO]   from pom.xml
[INFO] --------------------------------[ jar ]---------------------------------
[INFO] 
[INFO] --- clean:3.5.0:clean (default-clean) @ verifactu-xades-provider ---
[INFO] Deleting <WORKSPACE>
[INFO] 
[INFO] --- resources:3.5.0:resources (default-resources) @ verifactu-xades-provider ---
[INFO] Copying 1 resource from src/main/resources to target/classes
[INFO] Copying 2 resources from ../../.. to target/classes/META-INF
[INFO] 
[INFO] --- compiler:3.16.0:compile (default-compile) @ verifactu-xades-provider ---
[INFO] No sources to compile
[INFO] 
[INFO] --- resources:3.5.0:testResources (default-testResources) @ verifactu-xades-provider ---
[INFO] skip non existing resourceDirectory <WORKSPACE>
[INFO] 
[INFO] --- compiler:3.16.0:testCompile (default-testCompile) @ verifactu-xades-provider ---
[INFO] No sources to compile
[INFO] 
[INFO] --- surefire:3.6.0:test (default-test) @ verifactu-xades-provider ---
[INFO] Tests are skipped.
[INFO] 
[INFO] --- jar:3.5.1:jar (default-jar) @ verifactu-xades-provider ---
[INFO] Building jar: <WORKSPACE>
[INFO] 
[INFO] --- shade:3.6.2:shade (default) @ verifactu-xades-provider ---
[WARNING] bcpkix-jdk18on-1.85.jar, bcprov-jdk18on-1.85.jar, bcutil-jdk18on-1.85.jar, commons-codec-1.18.0.jar, commons-collections4-4.6.0.jar, commons-io-2.22.0.jar, commons-lang3-3.20.0.jar, dss-alert-6.5.jar, dss-crl-parser-6.5.jar, dss-detailed-report-jaxb-6.5.jar, dss-diagnostic-jaxb-6.5.jar, dss-document-6.5.jar, dss-enumerations-6.5.jar, dss-i18n-6.5.jar, dss-jaxb-common-6.5.jar, dss-jaxb-parsers-6.5.jar, dss-model-6.5.jar, dss-policy-jaxb-6.5.jar, dss-simple-certificate-report-jaxb-6.5.jar, dss-simple-report-jaxb-6.5.jar, dss-spi-6.5.jar, dss-utils-6.5.jar, dss-utils-apache-commons-6.5.jar, dss-validation-6.5.jar, dss-xades-6.5.jar, dss-xml-common-6.5.jar, dss-xml-utils-6.5.jar, istack-commons-runtime-4.0.1.jar, jakarta.activation-2.0.1.jar, jakarta.xml.bind-api-3.0.1.jar, jaxb-core-3.0.2.jar, jaxb-runtime-3.0.2.jar, slf4j-api-2.0.18.jar, specs-trusted-list-6.5.jar, specs-trusted-list-v211-6.5.jar, specs-validation-report-6.5.jar, specs-xades-6.5.jar, specs-xmldsig-6.5.jar, stax2-api-4.2.1.jar, txw2-3.0.2.jar, verifactu-xades-provider-0.0.0-development.jar, woodstox-core-6.5.1.jar, xmlsec-3.0.6.jar define 1 overlapping resource: 
[WARNING]   - META-INF/MANIFEST.MF
[WARNING] maven-shade-plugin has detected that some files are
[WARNING] present in two or more JARs. When this happens, only one
[WARNING] single version of the file is copied to the uber jar.
[WARNING] Usually this is not harmful and you can skip these warnings,
[WARNING] otherwise try to manually exclude artifacts based on
[WARNING] mvn dependency:tree -Ddetail=true and the above output.
[WARNING] See https://maven.apache.org/plugins/maven-shade-plugin/
[INFO] Replacing original artifact with shaded artifact.
[INFO] ------------------------------------------------------------------------
[INFO] BUILD SUCCESS
[INFO] ------------------------------------------------------------------------
[INFO] Total time:  3.334 s
[INFO] Finished at: 2026-09-26T03:01:33+02:00
[INFO] ------------------------------------------------------------------------
